
> adaptdoc-frontend@0.1.0 build
> react-scripts build

node.exe : (node:10924) [DEP0176] DeprecationWarning: fs.F_OK is deprecated, use fs.constants.F_OK instead
At line:1 char:1
+ & "C:\Program Files\nodejs/node.exe" "C:\Program Files\nodejs/node_mo ...
+ ~~~~~~~~~~~~~~~~~~~~~~~~~~~~~~~~~~~~~~~~~~~~~~~~~~~~~~~~~~~~~~~~~~~~~
    + CategoryInfo          : NotSpecified: ((node:10924) [D...ts.F_OK instead:String) [], RemoteException
    + FullyQualifiedErrorId : NativeCommandError
 
(Use `node --trace-deprecation ...` to show where the warning was created)
Creating an optimized production build...
Compiled with warnings.

[eslint] 
src\components\customization\CustomizationPanel.jsx
  Line 114:6:  React Hook useEffect has a missing dependency: 'WELCOME'. Either include it or remove the dependency array  react-hooks/exhaustive-deps

src\components\document\CVPreview.jsx
  Line 99:7:      'PillSkills' is assigned a value but never used  no-unused-vars
  Line 147:7:     'SH' is assigned a value but never used          no-unused-vars
  Line 533:148:   Duplicate key 'marginBottom'                     no-dupe-keys
  Line 767:98:    Duplicate key 'marginBottom'                     no-dupe-keys
  Line 1013:261:  Unexpected template string expression            no-template-curly-in-string
  Line 1013:330:  Duplicate key 'background'                       no-dupe-keys

src\components\template\TemplateSelector.jsx
  Line 34:9:   'textColor' is assigned a value but never used  no-unused-vars
  Line 291:9:  'Ln' is assigned a value but never used         no-unused-vars

src\pages\admin\AdminDashboardPage.jsx
  Line 5:3:     'LineChart' is defined but never used                                                                         no-unused-vars
  Line 5:14:    'Line' is defined but never used                                                                              no-unused-vars
  Line 42:6:    React Hook useEffect has a missing dependency: 'fetchData'. Either include it or remove the dependency array  react-hooks/exhaustive-deps
  Line 355:29:  No duplicate props allowed                                                                                    react/jsx-no-duplicate-props
  Line 367:29:  No duplicate props allowed                                                                                    react/jsx-no-duplicate-props

src\pages\dashboard\DashboardPage.jsx
  Line 346:9:  'navigate' is assigned a value but never used  no-unused-vars

src\pages\dashboard\HomeTab.jsx
  Line 8:9:  'cvDocs' is assigned a value but never used  no-unused-vars

Search for the keywords to learn more about each warning.
To ignore, add // eslint-disable-next-line to the line before.

File sizes after gzip:

  345.48 kB  build\static\js\main.05721c20.js
  3.61 kB    build\static\css\main.340e24c4.css

The project was built assuming it is hosted at /.
You can control this with the homepage field in your package.json.

The build folder is ready to be deployed.
You may serve it with a static server:

  npm install -g serve
  serve -s build

Find out more about deployment here:

  https://cra.link/deployment

